// Jest Snapshot v1, https://goo.gl/fbAQLP

exports[`<RecipeList /> matches snapshot 1`] = `
<RCTScrollView>
  <View>
    <View
      style={
        Array [
          Object {
            "flexDirection": "row",
            "flexWrap": "wrap",
            "marginLeft": "2%",
            "marginRight": "2%",
          },
        ]
      }
    />
  </View>
</RCTScrollView>
`;
