// Jest Snapshot v1, https://goo.gl/fbAQLP

exports[`matches snapshot 1`] = `
<View
  style={Object {}}
>
  <View
    accessible={true}
    isTVSelectable={true}
    onResponderGrant={[Function]}
    onResponderMove={[Function]}
    onResponderRelease={[Function]}
    onResponderTerminate={[Function]}
    onResponderTerminationRequest={[Function]}
    onStartShouldSetResponder={[Function]}
    style={
      Object {
        "opacity": 1,
      }
    }
  >
    <Text
      style={
        Object {
          "alignSelf": "flex-end",
          "color": "#047396",
          "fontSize": 20,
          "fontWeight": "500",
          "marginRight": 14,
          "paddingBottom": 50,
        }
      }
    >
      x
    </Text>
  </View>
  <View
    style={
      Object {
        "flexDirection": "row",
        "justifyContent": "center",
        "paddingBottom": 15,
        "textAlign": "center",
      }
    }
  >
    <Image
      source={1}
      style={
        Object {
          "height": "105%",
          "width": "10%",
        }
      }
    />
    <Text
      style={
        Object {
          "color": "#42C200",
          "fontSize": 30,
          "fontWeight": "bold",
          "paddingLeft": 10,
          "paddingTop": 5,
          "textAlign": "center",
        }
      }
    >
      RecipeShare
    </Text>
  </View>
  <Text
    style={
      Object {
        "color": "#363838",
        "fontSize": 18,
        "fontWeight": "500",
        "marginBottom": 14,
        "marginLeft": 16,
        "textAlign": "left",
      }
    }
  >
    Create Account
  </Text>
  <Text
    style={
      Object {
        "color": "#363838",
        "marginLeft": 16,
      }
    }
  >
    Username
  </Text>
  <TextInput
    allowFontScaling={true}
    onChangeText={[Function]}
    rejectResponderTermination={true}
    style={
      Object {
        "borderColor": "#d6d7da",
        "borderRadius": 4,
        "borderWidth": 1,
        "height": 40,
        "marginBottom": 10,
        "marginLeft": 16,
        "marginRight": 16,
        "marginTop": 10,
        "minHeight": "5%",
        "paddingLeft": 3,
      }
    }
    underlineColorAndroid="transparent"
    value=""
  />
  <Text
    style={
      Object {
        "color": "#363838",
        "marginLeft": 16,
      }
    }
  >
    Password
  </Text>
  <TextInput
    allowFontScaling={true}
    onChangeText={[Function]}
    rejectResponderTermination={true}
    secureTextEntry={true}
    style={
      Object {
        "borderColor": "#d6d7da",
        "borderRadius": 4,
        "borderWidth": 1,
        "height": 40,
        "marginBottom": 10,
        "marginLeft": 16,
        "marginRight": 16,
        "marginTop": 10,
        "minHeight": "5%",
        "paddingLeft": 3,
      }
    }
    underlineColorAndroid="transparent"
    value=""
  />
  <View
    style={
      Object {
        "flexDirection": "row-reverse",
      }
    }
  >
    <View
      accessible={true}
      isTVSelectable={true}
      onResponderGrant={[Function]}
      onResponderMove={[Function]}
      onResponderRelease={[Function]}
      onResponderTerminate={[Function]}
      onResponderTerminationRequest={[Function]}
      onStartShouldSetResponder={[Function]}
      style={
        Object {
          "backgroundColor": "#3BA405",
          "borderRadius": 50,
          "height": 40,
          "marginBottom": 10,
          "marginRight": 16,
          "marginTop": 42,
          "opacity": 1,
          "paddingTop": 10,
          "width": 217,
        }
      }
    >
      <Text
        style={
          Object {
            "color": "white",
            "fontSize": 16,
            "fontWeight": "bold",
            "textAlign": "center",
          }
        }
      >
        Create Account
      </Text>
    </View>
  </View>
</View>
`;
