// Jest Snapshot v1, https://goo.gl/fbAQLP

exports[`testing homePage 1`] = `<homePage />`;

exports[`testing react-native-testing-library 1`] = `
<RCTScrollView>
  <View>
    <View
      style={
        Object {
          "flex": 1,
          "flexDirection": "row",
          "flexWrap": "wrap",
          "justifyContent": "flex-start",
        }
      }
    >
      <View
        style={
          Array [
            Object {
              "flexBasis": 0,
              "flexGrow": 1,
              "flexShrink": 1,
              "justifyContent": "flex-start",
              "marginBottom": 10,
              "marginLeft": 10,
              "marginRight": 10,
              "minWidth": 150,
            },
          ]
        }
      >
        <View
          onStartShouldSetResponder={[Function]}
          style={
            Array [
              Object {
                "flexDirection": "row",
                "left": 10,
                "position": "absolute",
                "top": 5,
                "zIndex": 1,
              },
            ]
          }
        >
          <Image
            source={
              Object {
                "testUri": "../../../assets/clear-heart.png",
              }
            }
            style={
              Object {
                "height": 20,
                "width": 20,
              }
            }
          />
          <Text
            style={
              Object {
                "color": "white",
                "fontWeight": "bold",
              }
            }
          >
             3k
          </Text>
        </View>
        <Image
          resieMode="contain"
          source={
            Object {
              "uri": "https://fakeimg.pl/250x100/?text=recipe",
            }
          }
          style={
            Object {
              "borderRadius": 20,
              "height": 300,
              "paddingRight": 20,
              "width": 190,
            }
          }
        />
        <Text
          style={
            Object {
              "fontSize": 20,
              "fontWeight": "bold",
              "marginBottom": 10,
              "marginTop": 10,
              "textAlign": "left",
              "width": 150,
            }
          }
        >
          Sample Recipe
        </Text>
        <View
          style={
            Array [
              Object {
                "flexDirection": "row",
                "justifyContent": "flex-start",
              },
            ]
          }
        >
          <Image
            source={
              Object {
                "uri": "https://fakeimg.pl/50x50/?text=user",
              }
            }
            style={
              Object {
                "height": 50,
                "width": 50,
              }
            }
          />
          <View
            style={
              Object {
                "flexDirection": "row",
                "justifyContent": "space-between",
                "marginLeft": 5,
              }
            }
          >
            <Text
              style={
                Object {
                  "fontSize": 15,
                }
              }
            >
              Username
            </Text>
            <Text
              style={
                Object {
                  "fontSize": 15,
                }
              }
            />
            <Text
              style={
                Object {
                  "alignSelf": "flex-end",
                  "marginStart": -40,
                }
              }
            >
              Min: Prep Time
            </Text>
          </View>
        </View>
      </View>
      <View
        style={
          Array [
            Object {
              "flexBasis": 0,
              "flexGrow": 1,
              "flexShrink": 1,
              "justifyContent": "flex-start",
              "marginBottom": 10,
              "marginLeft": 10,
              "marginRight": 10,
              "minWidth": 150,
            },
          ]
        }
      >
        <View
          onStartShouldSetResponder={[Function]}
          style={
            Array [
              Object {
                "flexDirection": "row",
                "left": 10,
                "position": "absolute",
                "top": 5,
                "zIndex": 1,
              },
            ]
          }
        >
          <Image
            source={
              Object {
                "testUri": "../../../assets/clear-heart.png",
              }
            }
            style={
              Object {
                "height": 20,
                "width": 20,
              }
            }
          />
          <Text
            style={
              Object {
                "color": "white",
                "fontWeight": "bold",
              }
            }
          >
             3k
          </Text>
        </View>
        <Image
          resieMode="contain"
          source={
            Object {
              "uri": "https://fakeimg.pl/250x100/?text=recipe",
            }
          }
          style={
            Object {
              "borderRadius": 20,
              "height": 130,
              "paddingRight": 20,
              "width": 190,
            }
          }
        />
        <Text
          style={
            Object {
              "fontSize": 20,
              "fontWeight": "bold",
              "marginBottom": 10,
              "marginTop": 10,
              "textAlign": "left",
              "width": 150,
            }
          }
        >
          Sample Recipe
        </Text>
        <View
          style={
            Array [
              Object {
                "flexDirection": "row",
                "justifyContent": "flex-start",
              },
            ]
          }
        >
          <Image
            source={
              Object {
                "uri": "https://fakeimg.pl/50x50/?text=user",
              }
            }
            style={
              Object {
                "height": 50,
                "width": 50,
              }
            }
          />
          <View
            style={
              Object {
                "flexDirection": "row",
                "justifyContent": "space-between",
                "marginLeft": 5,
              }
            }
          >
            <Text
              style={
                Object {
                  "fontSize": 15,
                }
              }
            >
              Username
            </Text>
            <Text
              style={
                Object {
                  "fontSize": 15,
                }
              }
            />
            <Text
              style={
                Object {
                  "alignSelf": "flex-end",
                  "marginStart": -40,
                }
              }
            >
              Min: Prep Time
            </Text>
          </View>
        </View>
      </View>
      <View
        style={
          Array [
            Object {
              "flexBasis": 0,
              "flexGrow": 1,
              "flexShrink": 1,
              "justifyContent": "flex-start",
              "marginBottom": 10,
              "marginLeft": 10,
              "marginRight": 10,
              "minWidth": 150,
            },
          ]
        }
      >
        <View
          onStartShouldSetResponder={[Function]}
          style={
            Array [
              Object {
                "flexDirection": "row",
                "left": 10,
                "position": "absolute",
                "top": 5,
                "zIndex": 1,
              },
            ]
          }
        >
          <Image
            source={
              Object {
                "testUri": "../../../assets/clear-heart.png",
              }
            }
            style={
              Object {
                "height": 20,
                "width": 20,
              }
            }
          />
          <Text
            style={
              Object {
                "color": "white",
                "fontWeight": "bold",
              }
            }
          >
             3k
          </Text>
        </View>
        <Image
          resieMode="contain"
          source={
            Object {
              "uri": "https://fakeimg.pl/250x100/?text=recipe",
            }
          }
          style={
            Object {
              "borderRadius": 20,
              "height": 300,
              "paddingRight": 20,
              "width": 190,
            }
          }
        />
        <Text
          style={
            Object {
              "fontSize": 20,
              "fontWeight": "bold",
              "marginBottom": 10,
              "marginTop": 10,
              "textAlign": "left",
              "width": 150,
            }
          }
        >
          Sample Recipe
        </Text>
        <View
          style={
            Array [
              Object {
                "flexDirection": "row",
                "justifyContent": "flex-start",
              },
            ]
          }
        >
          <Image
            source={
              Object {
                "uri": "https://fakeimg.pl/50x50/?text=user",
              }
            }
            style={
              Object {
                "height": 50,
                "width": 50,
              }
            }
          />
          <View
            style={
              Object {
                "flexDirection": "row",
                "justifyContent": "space-between",
                "marginLeft": 5,
              }
            }
          >
            <Text
              style={
                Object {
                  "fontSize": 15,
                }
              }
            >
              Username
            </Text>
            <Text
              style={
                Object {
                  "fontSize": 15,
                }
              }
            />
            <Text
              style={
                Object {
                  "alignSelf": "flex-end",
                  "marginStart": -40,
                }
              }
            >
              Min: Prep Time
            </Text>
          </View>
        </View>
      </View>
      <View
        style={
          Array [
            Object {
              "flexBasis": 0,
              "flexGrow": 1,
              "flexShrink": 1,
              "justifyContent": "flex-start",
              "marginBottom": 10,
              "marginLeft": 10,
              "marginRight": 10,
              "minWidth": 150,
            },
          ]
        }
      >
        <View
          onStartShouldSetResponder={[Function]}
          style={
            Array [
              Object {
                "flexDirection": "row",
                "left": 10,
                "position": "absolute",
                "top": 5,
                "zIndex": 1,
              },
            ]
          }
        >
          <Image
            source={
              Object {
                "testUri": "../../../assets/clear-heart.png",
              }
            }
            style={
              Object {
                "height": 20,
                "width": 20,
              }
            }
          />
          <Text
            style={
              Object {
                "color": "white",
                "fontWeight": "bold",
              }
            }
          >
             3k
          </Text>
        </View>
        <Image
          resieMode="contain"
          source={
            Object {
              "uri": "https://fakeimg.pl/250x100/?text=recipe",
            }
          }
          style={
            Object {
              "borderRadius": 20,
              "height": 130,
              "paddingRight": 20,
              "width": 190,
            }
          }
        />
        <Text
          style={
            Object {
              "fontSize": 20,
              "fontWeight": "bold",
              "marginBottom": 10,
              "marginTop": 10,
              "textAlign": "left",
              "width": 150,
            }
          }
        >
          Sample Recipe
        </Text>
        <View
          style={
            Array [
              Object {
                "flexDirection": "row",
                "justifyContent": "flex-start",
              },
            ]
          }
        >
          <Image
            source={
              Object {
                "uri": "https://fakeimg.pl/50x50/?text=user",
              }
            }
            style={
              Object {
                "height": 50,
                "width": 50,
              }
            }
          />
          <View
            style={
              Object {
                "flexDirection": "row",
                "justifyContent": "space-between",
                "marginLeft": 5,
              }
            }
          >
            <Text
              style={
                Object {
                  "fontSize": 15,
                }
              }
            >
              Username
            </Text>
            <Text
              style={
                Object {
                  "fontSize": 15,
                }
              }
            />
            <Text
              style={
                Object {
                  "alignSelf": "flex-end",
                  "marginStart": -40,
                }
              }
            >
              Min: Prep Time
            </Text>
          </View>
        </View>
      </View>
      <View
        style={
          Array [
            Object {
              "flexBasis": 0,
              "flexGrow": 1,
              "flexShrink": 1,
              "justifyContent": "flex-start",
              "marginBottom": 10,
              "marginLeft": 10,
              "marginRight": 10,
              "minWidth": 150,
            },
          ]
        }
      >
        <View
          onStartShouldSetResponder={[Function]}
          style={
            Array [
              Object {
                "flexDirection": "row",
                "left": 10,
                "position": "absolute",
                "top": 5,
                "zIndex": 1,
              },
            ]
          }
        >
          <Image
            source={
              Object {
                "testUri": "../../../assets/clear-heart.png",
              }
            }
            style={
              Object {
                "height": 20,
                "width": 20,
              }
            }
          />
          <Text
            style={
              Object {
                "color": "white",
                "fontWeight": "bold",
              }
            }
          >
             3k
          </Text>
        </View>
        <Image
          resieMode="contain"
          source={
            Object {
              "uri": "https://fakeimg.pl/250x100/?text=recipe",
            }
          }
          style={
            Object {
              "borderRadius": 20,
              "height": 300,
              "paddingRight": 20,
              "width": 190,
            }
          }
        />
        <Text
          style={
            Object {
              "fontSize": 20,
              "fontWeight": "bold",
              "marginBottom": 10,
              "marginTop": 10,
              "textAlign": "left",
              "width": 150,
            }
          }
        >
          Sample Recipe
        </Text>
        <View
          style={
            Array [
              Object {
                "flexDirection": "row",
                "justifyContent": "flex-start",
              },
            ]
          }
        >
          <Image
            source={
              Object {
                "uri": "https://fakeimg.pl/50x50/?text=user",
              }
            }
            style={
              Object {
                "height": 50,
                "width": 50,
              }
            }
          />
          <View
            style={
              Object {
                "flexDirection": "row",
                "justifyContent": "space-between",
                "marginLeft": 5,
              }
            }
          >
            <Text
              style={
                Object {
                  "fontSize": 15,
                }
              }
            >
              Username
            </Text>
            <Text
              style={
                Object {
                  "fontSize": 15,
                }
              }
            />
            <Text
              style={
                Object {
                  "alignSelf": "flex-end",
                  "marginStart": -40,
                }
              }
            >
              Min: Prep Time
            </Text>
          </View>
        </View>
      </View>
      <View
        style={
          Array [
            Object {
              "flexBasis": 0,
              "flexGrow": 1,
              "flexShrink": 1,
              "justifyContent": "flex-start",
              "marginBottom": 10,
              "marginLeft": 10,
              "marginRight": 10,
              "minWidth": 150,
            },
          ]
        }
      >
        <View
          onStartShouldSetResponder={[Function]}
          style={
            Array [
              Object {
                "flexDirection": "row",
                "left": 10,
                "position": "absolute",
                "top": 5,
                "zIndex": 1,
              },
            ]
          }
        >
          <Image
            source={
              Object {
                "testUri": "../../../assets/clear-heart.png",
              }
            }
            style={
              Object {
                "height": 20,
                "width": 20,
              }
            }
          />
          <Text
            style={
              Object {
                "color": "white",
                "fontWeight": "bold",
              }
            }
          >
             3k
          </Text>
        </View>
        <Image
          resieMode="contain"
          source={
            Object {
              "uri": "https://fakeimg.pl/250x100/?text=recipe",
            }
          }
          style={
            Object {
              "borderRadius": 20,
              "height": 130,
              "paddingRight": 20,
              "width": 190,
            }
          }
        />
        <Text
          style={
            Object {
              "fontSize": 20,
              "fontWeight": "bold",
              "marginBottom": 10,
              "marginTop": 10,
              "textAlign": "left",
              "width": 150,
            }
          }
        >
          Sample Recipe
        </Text>
        <View
          style={
            Array [
              Object {
                "flexDirection": "row",
                "justifyContent": "flex-start",
              },
            ]
          }
        >
          <Image
            source={
              Object {
                "uri": "https://fakeimg.pl/50x50/?text=user",
              }
            }
            style={
              Object {
                "height": 50,
                "width": 50,
              }
            }
          />
          <View
            style={
              Object {
                "flexDirection": "row",
                "justifyContent": "space-between",
                "marginLeft": 5,
              }
            }
          >
            <Text
              style={
                Object {
                  "fontSize": 15,
                }
              }
            >
              Username
            </Text>
            <Text
              style={
                Object {
                  "fontSize": 15,
                }
              }
            />
            <Text
              style={
                Object {
                  "alignSelf": "flex-end",
                  "marginStart": -40,
                }
              }
            >
              Min: Prep Time
            </Text>
          </View>
        </View>
      </View>
      <View
        style={
          Array [
            Object {
              "flexBasis": 0,
              "flexGrow": 1,
              "flexShrink": 1,
              "justifyContent": "flex-start",
              "marginBottom": 10,
              "marginLeft": 10,
              "marginRight": 10,
              "minWidth": 150,
            },
          ]
        }
      >
        <View
          onStartShouldSetResponder={[Function]}
          style={
            Array [
              Object {
                "flexDirection": "row",
                "left": 10,
                "position": "absolute",
                "top": 5,
                "zIndex": 1,
              },
            ]
          }
        >
          <Image
            source={
              Object {
                "testUri": "../../../assets/clear-heart.png",
              }
            }
            style={
              Object {
                "height": 20,
                "width": 20,
              }
            }
          />
          <Text
            style={
              Object {
                "color": "white",
                "fontWeight": "bold",
              }
            }
          >
             3k
          </Text>
        </View>
        <Image
          resieMode="contain"
          source={
            Object {
              "uri": "https://fakeimg.pl/250x100/?text=recipe",
            }
          }
          style={
            Object {
              "borderRadius": 20,
              "height": 300,
              "paddingRight": 20,
              "width": 190,
            }
          }
        />
        <Text
          style={
            Object {
              "fontSize": 20,
              "fontWeight": "bold",
              "marginBottom": 10,
              "marginTop": 10,
              "textAlign": "left",
              "width": 150,
            }
          }
        >
          Sample Recipe
        </Text>
        <View
          style={
            Array [
              Object {
                "flexDirection": "row",
                "justifyContent": "flex-start",
              },
            ]
          }
        >
          <Image
            source={
              Object {
                "uri": "https://fakeimg.pl/50x50/?text=user",
              }
            }
            style={
              Object {
                "height": 50,
                "width": 50,
              }
            }
          />
          <View
            style={
              Object {
                "flexDirection": "row",
                "justifyContent": "space-between",
                "marginLeft": 5,
              }
            }
          >
            <Text
              style={
                Object {
                  "fontSize": 15,
                }
              }
            >
              Username
            </Text>
            <Text
              style={
                Object {
                  "fontSize": 15,
                }
              }
            />
            <Text
              style={
                Object {
                  "alignSelf": "flex-end",
                  "marginStart": -40,
                }
              }
            >
              Min: Prep Time
            </Text>
          </View>
        </View>
      </View>
      <View
        style={
          Array [
            Object {
              "flexBasis": 0,
              "flexGrow": 1,
              "flexShrink": 1,
              "justifyContent": "flex-start",
              "marginBottom": 10,
              "marginLeft": 10,
              "marginRight": 10,
              "minWidth": 150,
            },
          ]
        }
      >
        <View
          onStartShouldSetResponder={[Function]}
          style={
            Array [
              Object {
                "flexDirection": "row",
                "left": 10,
                "position": "absolute",
                "top": 5,
                "zIndex": 1,
              },
            ]
          }
        >
          <Image
            source={
              Object {
                "testUri": "../../../assets/clear-heart.png",
              }
            }
            style={
              Object {
                "height": 20,
                "width": 20,
              }
            }
          />
          <Text
            style={
              Object {
                "color": "white",
                "fontWeight": "bold",
              }
            }
          >
             3k
          </Text>
        </View>
        <Image
          resieMode="contain"
          source={
            Object {
              "uri": "https://fakeimg.pl/250x100/?text=recipe",
            }
          }
          style={
            Object {
              "borderRadius": 20,
              "height": 130,
              "paddingRight": 20,
              "width": 190,
            }
          }
        />
        <Text
          style={
            Object {
              "fontSize": 20,
              "fontWeight": "bold",
              "marginBottom": 10,
              "marginTop": 10,
              "textAlign": "left",
              "width": 150,
            }
          }
        >
          Sample Recipe
        </Text>
        <View
          style={
            Array [
              Object {
                "flexDirection": "row",
                "justifyContent": "flex-start",
              },
            ]
          }
        >
          <Image
            source={
              Object {
                "uri": "https://fakeimg.pl/50x50/?text=user",
              }
            }
            style={
              Object {
                "height": 50,
                "width": 50,
              }
            }
          />
          <View
            style={
              Object {
                "flexDirection": "row",
                "justifyContent": "space-between",
                "marginLeft": 5,
              }
            }
          >
            <Text
              style={
                Object {
                  "fontSize": 15,
                }
              }
            >
              Username
            </Text>
            <Text
              style={
                Object {
                  "fontSize": 15,
                }
              }
            />
            <Text
              style={
                Object {
                  "alignSelf": "flex-end",
                  "marginStart": -40,
                }
              }
            >
              Min: Prep Time
            </Text>
          </View>
        </View>
      </View>
      <View
        style={
          Array [
            Object {
              "flexBasis": 0,
              "flexGrow": 1,
              "flexShrink": 1,
              "justifyContent": "flex-start",
              "marginBottom": 10,
              "marginLeft": 10,
              "marginRight": 10,
              "minWidth": 150,
            },
          ]
        }
      >
        <View
          onStartShouldSetResponder={[Function]}
          style={
            Array [
              Object {
                "flexDirection": "row",
                "left": 10,
                "position": "absolute",
                "top": 5,
                "zIndex": 1,
              },
            ]
          }
        >
          <Image
            source={
              Object {
                "testUri": "../../../assets/clear-heart.png",
              }
            }
            style={
              Object {
                "height": 20,
                "width": 20,
              }
            }
          />
          <Text
            style={
              Object {
                "color": "white",
                "fontWeight": "bold",
              }
            }
          >
             3k
          </Text>
        </View>
        <Image
          resieMode="contain"
          source={
            Object {
              "uri": "https://fakeimg.pl/250x100/?text=recipe",
            }
          }
          style={
            Object {
              "borderRadius": 20,
              "height": 300,
              "paddingRight": 20,
              "width": 190,
            }
          }
        />
        <Text
          style={
            Object {
              "fontSize": 20,
              "fontWeight": "bold",
              "marginBottom": 10,
              "marginTop": 10,
              "textAlign": "left",
              "width": 150,
            }
          }
        >
          Sample Recipe
        </Text>
        <View
          style={
            Array [
              Object {
                "flexDirection": "row",
                "justifyContent": "flex-start",
              },
            ]
          }
        >
          <Image
            source={
              Object {
                "uri": "https://fakeimg.pl/50x50/?text=user",
              }
            }
            style={
              Object {
                "height": 50,
                "width": 50,
              }
            }
          />
          <View
            style={
              Object {
                "flexDirection": "row",
                "justifyContent": "space-between",
                "marginLeft": 5,
              }
            }
          >
            <Text
              style={
                Object {
                  "fontSize": 15,
                }
              }
            >
              Username
            </Text>
            <Text
              style={
                Object {
                  "fontSize": 15,
                }
              }
            />
            <Text
              style={
                Object {
                  "alignSelf": "flex-end",
                  "marginStart": -40,
                }
              }
            >
              Min: Prep Time
            </Text>
          </View>
        </View>
      </View>
    </View>
  </View>
</RCTScrollView>
`;
