// Jest Snapshot v1, https://goo.gl/fbAQLP

exports[`search snapshot 1`] = `

<View>
<TextInput
   style={styles.textInput}
   placeholder="What dish are you looking for?"
   placeholderTextColor="#D3D3D3"
   value={dish}
   onChangeText={dish => grabRecipes(dish)}
   //onSubmitEditing={grabRecipes}
/>
{/* <TouchableOpacity style={styles.button}>
   <Button  
   color="white"    
   onPress={grabRecipes}
   title="Search"
   accessibilityLabel="Search"                   
   />
</TouchableOpacity> */}
<ScrollView>
   {recipe.length>=1  && <RecipeList props={recipe} /> }
</ScrollView>
</View>
`;
